// Jest Snapshot v1, https://goo.gl/fbAQLP

exports[`Home Component Matches SnapShot 1`] = `
<div
  className="MuiGrid-root makeStyles-grid-21 MuiGrid-container"
>
  <div
    className="MuiGrid-root makeStyles-left-22 MuiGrid-item MuiGrid-grid-xs-3"
  >
    <div
      className="MuiTypography-root makeStyles-newCar-23 MuiTypography-body1"
    >
      <div
        className="MuiFormControl-root MuiTextField-root"
        data-testid="createParkingSlotInput"
      >
        <label
          className="MuiFormLabel-root MuiInputLabel-root MuiInputLabel-formControl MuiInputLabel-animated"
          data-shrink={false}
          htmlFor="standard-basic"
          id="standard-basic-label"
        >
          Create Parking Slot
        </label>
        <div
          className="MuiInputBase-root MuiInput-root MuiInput-underline MuiInputBase-formControl MuiInput-formControl"
          onClick={[Function]}
        >
          <input
            aria-invalid={false}
            autoFocus={false}
            className="MuiInputBase-input MuiInput-input"
            disabled={false}
            id="standard-basic"
            onAnimationStart={[Function]}
            onBlur={[Function]}
            onChange={[Function]}
            onFocus={[Function]}
            required={false}
            type="number"
            value={null}
          />
        </div>
      </div>
      <button
        className="MuiButtonBase-root MuiButton-root MuiButton-contained MuiButton-containedPrimary Mui-disabled Mui-disabled"
        data-testid="createSlotButton"
        disabled={true}
        onBlur={[Function]}
        onClick={[Function]}
        onDragLeave={[Function]}
        onFocus={[Function]}
        onKeyDown={[Function]}
        onKeyUp={[Function]}
        onMouseDown={[Function]}
        onMouseLeave={[Function]}
        onMouseUp={[Function]}
        onTouchEnd={[Function]}
        onTouchMove={[Function]}
        onTouchStart={[Function]}
        tabIndex={-1}
        type="button"
      >
        <span
          className="MuiButton-label"
        >
          Create Slot
        </span>
      </button>
    </div>
    
    
    
  </div>
  <div
    className="MuiGrid-root makeStyles-right-24 MuiGrid-item MuiGrid-grid-xs-9"
  />
</div>
`;
